2025-01-25 17:17:55 INFO  c.example.todone.ToDoneApplication - Starting ToDoneApplication using Java 17.0.9 with PID 27592 (D:\Projects\IntellijIdea\to-done\build\classes\java\main started by matiq in D:\Projects\IntellijIdea\to-done)
2025-01-25 17:17:55 INFO  c.example.todone.ToDoneApplication - The following 1 profile is active: "DEV"
2025-01-25 17:17:56 INFO  o.s.b.w.e.tomcat.TomcatWebServer - Tomcat initialized with port 8080 (http)
2025-01-25 17:17:56 INFO  o.a.coyote.http11.Http11NioProtocol - Initializing ProtocolHandler ["http-nio-8080"]
2025-01-25 17:17:56 INFO  o.a.catalina.core.StandardService - Starting service [Tomcat]
2025-01-25 17:17:56 INFO  o.a.catalina.core.StandardEngine - Starting Servlet engine: [Apache Tomcat/10.1.34]
2025-01-25 17:17:56 INFO  o.a.c.c.C.[Tomcat].[localhost].[/] - Initializing Spring embedded WebApplicationContext
2025-01-25 17:17:56 INFO  o.s.b.w.s.c.ServletWebServerApplicationContext - Root WebApplicationContext: initialization completed in 1669 ms
2025-01-25 17:17:57 INFO  o.s.b.a.e.web.EndpointLinksResolver - Exposing 1 endpoint beneath base path '/actuator'
2025-01-25 17:17:57 INFO  o.a.coyote.http11.Http11NioProtocol - Starting ProtocolHandler ["http-nio-8080"]
2025-01-25 17:17:57 INFO  o.s.b.w.e.tomcat.TomcatWebServer - Tomcat started on port 8080 (http) with context path '/'
2025-01-25 17:17:57 INFO  c.example.todone.ToDoneApplication - Started ToDoneApplication in 3.263 seconds (process running for 4.827)
2025-01-25 17:17:58 INFO  o.a.c.c.C.[Tomcat].[localhost].[/] - Initializing Spring DispatcherServlet 'dispatcherServlet'
2025-01-25 17:17:58 INFO  o.s.web.servlet.DispatcherServlet - Initializing Servlet 'dispatcherServlet'
2025-01-25 17:17:58 INFO  o.s.web.servlet.DispatcherServlet - Completed initialization in 4 ms
2025-01-25 17:18:34 INFO  c.example.todone.ToDoneApplication - Starting ToDoneApplication using Java 17.0.9 with PID 14812 (D:\Projects\IntellijIdea\to-done\build\classes\java\main started by matiq in D:\Projects\IntellijIdea\to-done)
2025-01-25 17:18:34 INFO  c.example.todone.ToDoneApplication - The following 1 profile is active: "DEV"
2025-01-25 17:18:36 INFO  o.s.b.w.e.tomcat.TomcatWebServer - Tomcat initialized with port 8080 (http)
2025-01-25 17:18:36 INFO  o.a.coyote.http11.Http11NioProtocol - Initializing ProtocolHandler ["http-nio-8080"]
2025-01-25 17:18:36 INFO  o.a.catalina.core.StandardService - Starting service [Tomcat]
2025-01-25 17:18:36 INFO  o.a.catalina.core.StandardEngine - Starting Servlet engine: [Apache Tomcat/10.1.34]
2025-01-25 17:18:36 INFO  o.a.c.c.C.[Tomcat].[localhost].[/] - Initializing Spring embedded WebApplicationContext
2025-01-25 17:18:36 INFO  o.s.b.w.s.c.ServletWebServerApplicationContext - Root WebApplicationContext: initialization completed in 1953 ms
2025-01-25 17:18:37 INFO  o.s.b.a.e.web.EndpointLinksResolver - Exposing 1 endpoint beneath base path '/actuator'
2025-01-25 17:18:37 INFO  o.a.coyote.http11.Http11NioProtocol - Starting ProtocolHandler ["http-nio-8080"]
2025-01-25 17:18:37 INFO  o.s.b.w.e.tomcat.TomcatWebServer - Tomcat started on port 8080 (http) with context path '/'
2025-01-25 17:18:37 INFO  c.example.todone.ToDoneApplication - Started ToDoneApplication in 3.518 seconds (process running for 4.578)
2025-01-25 17:18:38 INFO  o.a.c.c.C.[Tomcat].[localhost].[/] - Initializing Spring DispatcherServlet 'dispatcherServlet'
2025-01-25 17:18:38 INFO  o.s.web.servlet.DispatcherServlet - Initializing Servlet 'dispatcherServlet'
2025-01-25 17:18:38 INFO  o.s.web.servlet.DispatcherServlet - Completed initialization in 2 ms
